[2026-01-24 21:54:57,452][PPO][INFO] - instance_set_id: bbob2d_fid8_3seeds
dacboenv:
  task_ids:
  - bbob/2/8/0
  inner_seeds:
  - 1
  - 2
  - 3
  _target_: dacboenv.dacboenv.DACBOEnv
  observation_keys:
  - ubr_smoothed_gradient
  - acq_value_PI
  - acq_value_WEI_explore
  - previous_param
  action_space_class:
    _target_: dacboenv.env.action.WEITempoRLActionSpace
    _partial_: true
  action_space_kwargs:
    step_durations:
    - 1
    - 5
    - 10
    param_levels:
    - 0.0
    - 0.25
    - 0.5
    - 0.75
    - 1
  reward_keys:
  - symlogregret
  seed: ${seed}
  reference_performance_fn: resultssawei/reference_performance.parquet
  reference_performance_optimizer_id: SAWEI-P
  terminate_after_reference_performance_reached: false
  instance_selector_class:
    _target_: dacboenv.env.instance.RoundRobinInstanceSelector
    _partial_: true
    offset: 0
  optimizer_cfg:
    smac_cfg:
      smac_class: smac.facade.blackbox_facade.BlackBoxFacade
      scenario:
        seed: ${seed}
        n_trials: ${task.optimization_resources.n_trials}
        deterministic: true
        n_workers: 1
        output_directory: ${outdir}/smac3_output
      smac_kwargs:
        logging_level:
          _target_: pathlib.Path
          _args_:
          - dacboenv/configs/logging/smac_internal.yaml
        dask_client: null
        overwrite: true
        initial_design:
          _target_: ${dacboenv.optimizer_cfg.smac_cfg.smac_class}.get_initial_design
          _partial_: true
          n_configs: null
          max_ratio: 0.2
        random_design:
          _target_: ${dacboenv.optimizer_cfg.smac_cfg.smac_class}.get_random_design
          scenario: ${dacboenv.optimizer_cfg.smac_cfg.scenario}
          probability: 0.0
        acquisition_function:
          _target_: dacboenv.utils.weighted_expected_improvement.WEI
benchmark_id: DACBO
task_id: ${task.name}
task:
  _target_: carps.utils.task.Task
  name: ${get_dacbo_task_name:${task.objective_function.cost},${action_space_id},${observation_space_id},${reward_id},${instance_set_id}}
  seed: ${seed}
  optimization_resources:
    _target_: carps.utils.task.OptimizationResources
    n_trials: 5000
    time_budget: null
    n_workers: 1
  objective_function:
    _target_: dacboenv.task.AlphaRuleNetDACBOObjectiveFunction
    env: ${dacboenv}
    weight_bounds:
    - -10
    - 10
    cost: symlogregret
    policy_kwargs:
      alpha_start: 0.5
      delta_alpha: 0.1
      k: 10
      weights: null
  input_space:
    _target_: carps.utils.task.InputSpace
    configuration_space: ${get_alpharulenet_configspace:${task.objective_function.weight_bounds},${task.objective_function.policy_kwargs.k},${task.objective_function.policy_kwargs.delta_alpha}}
    fidelity_space:
      _target_: carps.utils.task.FidelitySpace
      is_multifidelity: false
      fidelity_type: null
      min_fidelity: null
      max_fidelity: null
    instance_space: null
  output_space:
    _target_: carps.utils.task.OutputSpace
    n_objectives: 1
    objectives:
    - ${task.objective_function.cost}
  metadata:
    _target_: carps.utils.task.TaskMetadata
    has_constraints: false
    domain: DAC
    objective_function_approximation: real
    has_virtual_time: false
    deterministic: true
    dimensions: ${get_nweights_alpharulenet:}
    search_space_n_categoricals: 0
    search_space_n_ordinals: 0
    search_space_n_integers: 0
    search_space_n_floats: ${get_nweights_alpharulenet:}
    search_space_has_conditionals: false
    search_space_has_forbiddens: false
    search_space_has_priors: false
action_space_id: WEI-skip
observation_space_id: sawei
reference_performance_id: SAWEI-P
reward_id: symlogregret-${reference_performance_id}
seed: 2
experiment:
  n_workers: 16
  n_episodes: 1000
  vecnormalize: false
optimizer_id: PPO-MLP
optimizer:
  seed: ${seed}
  n_epochs: 10
  _target_: stable_baselines3.PPO
  _partial_: true
  policy: MultiInputPolicy
  verbose: 1
  policy_kwargs:
    net_arch:
      pi:
      - 8
      vf:
      - 8
baserundir: runsicml2
outdir: ${baserundir}/${optimizer_id}/${benchmark_id}/${task_id}/${seed}

[2026-01-24 21:55:18,128][ReferencePerformance][INFO] - Loading performance data from resultssawei/reference_performance.parquet
[2026-01-24 21:55:20,778][smac.initial_design.abstract_initial_design][INFO] - Reducing the number of initial configurations from 16 to 15 (max_ratio == 0.2).
[2026-01-24 21:55:21,227][ReferencePerformance][INFO] - Loading performance data from resultssawei/reference_performance.parquet
[2026-01-24 21:58:26,216][PPO][INFO] - Model: MultiInputActorCriticPolicy(
  (features_extractor): CombinedExtractor(
    (extractors): ModuleDict(
      (acq_value_PI): Flatten(start_dim=1, end_dim=-1)
      (acq_value_WEI_explore): Flatten(start_dim=1, end_dim=-1)
      (previous_param): Flatten(start_dim=1, end_dim=-1)
      (ubr_smoothed_gradient): Flatten(start_dim=1, end_dim=-1)
    )
  )
  (pi_features_extractor): CombinedExtractor(
    (extractors): ModuleDict(
      (acq_value_PI): Flatten(start_dim=1, end_dim=-1)
      (acq_value_WEI_explore): Flatten(start_dim=1, end_dim=-1)
      (previous_param): Flatten(start_dim=1, end_dim=-1)
      (ubr_smoothed_gradient): Flatten(start_dim=1, end_dim=-1)
    )
  )
  (vf_features_extractor): CombinedExtractor(
    (extractors): ModuleDict(
      (acq_value_PI): Flatten(start_dim=1, end_dim=-1)
      (acq_value_WEI_explore): Flatten(start_dim=1, end_dim=-1)
      (previous_param): Flatten(start_dim=1, end_dim=-1)
      (ubr_smoothed_gradient): Flatten(start_dim=1, end_dim=-1)
    )
  )
  (mlp_extractor): MlpExtractor(
    (policy_net): Sequential(
      (0): Linear(in_features=4, out_features=8, bias=True)
      (1): Tanh()
    )
    (value_net): Sequential(
      (0): Linear(in_features=4, out_features=8, bias=True)
      (1): Tanh()
    )
  )
  (action_net): Linear(in_features=8, out_features=8, bias=True)
  (value_net): Linear(in_features=8, out_features=1, bias=True)
)
[2026-01-24 21:58:26,216][PPO][INFO] - ⚔ Start training...
